ÔòöÔòÉÔòÉÔòÉÔòÉÔòÉÔòÉÔòÉÔòÉÔòÉÔòÉÔòÉÔòÉÔòÉÔòÉÔòÉÔòÉÔòÉÔòÉÔòÉÔòÉÔòÉÔòÉÔòÉÔòÉÔòÉÔòÉÔòÉÔòÉÔòÉÔòÉÔòÉÔòÉÔòÉÔòÉÔòÉÔòÉÔòÉÔòÉÔòÉÔòÉÔòÉÔòÉÔòÉÔòÉÔòÉÔòÉÔòÉÔòÉÔòÉÔòÉÔòÉÔòÉÔòÉÔòÉÔòÉÔòÉÔòÉÔòÉÔòù
Ôòæ  Peregrine RTS - Logging to file                        Ôòæ
ÔòáÔòÉÔòÉÔòÉÔòÉÔòÉÔòÉÔòÉÔòÉÔòÉÔòÉÔòÉÔòÉÔòÉÔòÉÔòÉÔòÉÔòÉÔòÉÔòÉÔòÉÔòÉÔòÉÔòÉÔòÉÔòÉÔòÉÔòÉÔòÉÔòÉÔòÉÔòÉÔòÉÔòÉÔòÉÔòÉÔòÉÔòÉÔòÉÔòÉÔòÉÔòÉÔòÉÔòÉÔòÉÔòÉÔòÉÔòÉÔòÉÔòÉÔòÉÔòÉÔòÉÔòÉÔòÉÔòÉÔòÉÔòÉÔòÉÔòú
Ôòæ  Log file: logs\peregrine_20260119_200449.log         Ôòæ
ÔòÜÔòÉÔòÉÔòÉÔòÉÔòÉÔòÉÔòÉÔòÉÔòÉÔòÉÔòÉÔòÉÔòÉÔòÉÔòÉÔòÉÔòÉÔòÉÔòÉÔòÉÔòÉÔòÉÔòÉÔòÉÔòÉÔòÉÔòÉÔòÉÔòÉÔòÉÔòÉÔòÉÔòÉÔòÉÔòÉÔòÉÔòÉÔòÉÔòÉÔòÉÔòÉÔòÉÔòÉÔòÉÔòÉÔòÉÔòÉÔòÉÔòÉÔòÉÔòÉÔòÉÔòÉÔòÉÔòÉÔòÉÔòÉÔòÉÔòØ
[2m2026-01-19T19:04:50.196835Z[0m [32m INFO[0m AdapterInfo { name: "NVIDIA GeForce RTX 3090", vendor: 4318, device: 8708, device_type: DiscreteGpu, driver: "NVIDIA", driver_info: "572.83", backend: Vulkan }
[2m2026-01-19T19:04:50.408515Z[0m [32m INFO[0m GPU preprocessing is fully supported on this device.
[2m2026-01-19T19:04:50.451118Z[0m [32m INFO[0m Loaded initial config from assets/initial_config.ron
[2m2026-01-19T19:04:50.459929Z[0m [32m INFO[0m Initializing SimConfig from InitialConfig (lightweight startup init)
[2m2026-01-19T19:04:50.461004Z[0m [32m INFO[0m SimConfig initialized with map size: 2048x2048
[2m2026-01-19T19:04:50.461017Z[0m [32m INFO[0m SpatialHash initialized with 3 size classes 
[2m2026-01-19T19:04:52.100102Z[0m [32m INFO[0m === GENERATING RANDOM MAP DURING LOADING ===
[2m2026-01-19T19:04:52.100118Z[0m [32m INFO[0m Generating map: 500x500 with 50 obstacles...
[2m2026-01-19T19:04:52.100129Z[0m [32m INFO[0m Updated SimConfig: map size = 500x500
[2m2026-01-19T19:04:52.101007Z[0m [32m INFO[0m Updated SpatialHash for new map size
[2m2026-01-19T19:04:52.101019Z[0m [32m INFO[0m Creating FlowField: 500 x 500 cells (500x500 world units)
[2m2026-01-19T19:04:52.107051Z[0m [32m INFO[0m FlowField created successfully (total cells: 250000)
[2m2026-01-19T19:04:52.107397Z[0m [32m INFO[0m Spawned 50 random obstacles
[2m2026-01-19T19:04:52.107409Z[0m [32m INFO[0m Building pathfinding graph with region-based system...
[2m2026-01-19T19:04:52.107424Z[0m [32m INFO[0m [REGION BUILD] Initializing 400 clusters...
[2m2026-01-19T19:04:52.107463Z[0m [32m INFO[0m [DECOMP] Cluster (0,0): Created 1 rectangles from walkable tiles
[2m2026-01-19T19:04:52.114233Z[0m [32m INFO[0m [REGION BUILD] Decomposed into 1750 total regions
[2m2026-01-19T19:04:52.114266Z[0m [33m WARN[0m Cluster (0, 0) has NO boundary regions - creating single island
[2m2026-01-19T19:04:52.114274Z[0m [33m WARN[0m Cluster (0, 1) has NO boundary regions - creating single island
[2m2026-01-19T19:04:52.114282Z[0m [33m WARN[0m Cluster (0, 2) has NO boundary regions - creating single island
[2m2026-01-19T19:04:52.114288Z[0m [33m WARN[0m Cluster (0, 3) has NO boundary regions - creating single island
[2m2026-01-19T19:04:52.114295Z[0m [33m WARN[0m Cluster (0, 4) has NO boundary regions - creating single island
[2m2026-01-19T19:04:52.114301Z[0m [33m WARN[0m Cluster (0, 5) has NO boundary regions - creating single island
[2m2026-01-19T19:04:52.114308Z[0m [33m WARN[0m Cluster (0, 6) has NO boundary regions - creating single island
[2m2026-01-19T19:04:52.114313Z[0m [33m WARN[0m Cluster (0, 7) has NO boundary regions - creating single island
[2m2026-01-19T19:04:52.114320Z[0m [33m WARN[0m Cluster (0, 8) has NO boundary regions - creating single island
[2m2026-01-19T19:04:52.114326Z[0m [33m WARN[0m Cluster (0, 9) has NO boundary regions - creating single island
[2m2026-01-19T19:04:52.114333Z[0m [33m WARN[0m Cluster (0, 10) has NO boundary regions - creating single island
[2m2026-01-19T19:04:52.114339Z[0m [33m WARN[0m Cluster (0, 11) has NO boundary regions - creating single island
[2m2026-01-19T19:04:52.114345Z[0m [33m WARN[0m Cluster (0, 12) has NO boundary regions - creating single island
[2m2026-01-19T19:04:52.114392Z[0m [33m WARN[0m Cluster (0, 13) has NO boundary regions - creating single island
[2m2026-01-19T19:04:52.114402Z[0m [33m WARN[0m Cluster (0, 14) has NO boundary regions - creating single island
[2m2026-01-19T19:04:52.114409Z[0m [33m WARN[0m Cluster (0, 15) has NO boundary regions - creating single island
[2m2026-01-19T19:04:52.114416Z[0m [33m WARN[0m Cluster (0, 16) has NO boundary regions - creating single island
[2m2026-01-19T19:04:52.114422Z[0m [33m WARN[0m Cluster (0, 17) has NO boundary regions - creating single island
[2m2026-01-19T19:04:52.114428Z[0m [33m WARN[0m Cluster (0, 18) has NO boundary regions - creating single island
[2m2026-01-19T19:04:52.114434Z[0m [33m WARN[0m Cluster (0, 19) has NO boundary regions - creating single island
[2m2026-01-19T19:04:52.114441Z[0m [33m WARN[0m Cluster (1, 0) has NO boundary regions - creating single island
[2m2026-01-19T19:04:52.114448Z[0m [33m WARN[0m Cluster (1, 1) has NO boundary regions - creating single island
[2m2026-01-19T19:04:52.114458Z[0m [33m WARN[0m Cluster (1, 2) has NO boundary regions - creating single island
[2m2026-01-19T19:04:52.114465Z[0m [33m WARN[0m Cluster (1, 3) has NO boundary regions - creating single island
[2m2026-01-19T19:04:52.114478Z[0m [33m WARN[0m Cluster (1, 4) has NO boundary regions - creating single island
[2m2026-01-19T19:04:52.114486Z[0m [33m WARN[0m Cluster (1, 5) has NO boundary regions - creating single island
[2m2026-01-19T19:04:52.114496Z[0m [33m WARN[0m Cluster (1, 6) has NO boundary regions - creating single island
[2m2026-01-19T19:04:52.114502Z[0m [33m WARN[0m Cluster (1, 7) has NO boundary regions - creating single island
[2m2026-01-19T19:04:52.114508Z[0m [33m WARN[0m Cluster (1, 8) has NO boundary regions - creating single island
[2m2026-01-19T19:04:52.114515Z[0m [33m WARN[0m Cluster (1, 9) has NO boundary regions - creating single island
[2m2026-01-19T19:04:52.114521Z[0m [33m WARN[0m Cluster (1, 10) has NO boundary regions - creating single island
[2m2026-01-19T19:04:52.114527Z[0m [33m WARN[0m Cluster (1, 11) has NO boundary regions - creating single island
[2m2026-01-19T19:04:52.114533Z[0m [33m WARN[0m Cluster (1, 12) has NO boundary regions - creating single island
[2m2026-01-19T19:04:52.114539Z[0m [33m WARN[0m Cluster (1, 13) has NO boundary regions - creating single island
[2m2026-01-19T19:04:52.114545Z[0m [33m WARN[0m Cluster (1, 14) has NO boundary regions - creating single island
[2m2026-01-19T19:04:52.114552Z[0m [33m WARN[0m Cluster (1, 15) has NO boundary regions - creating single island
[2m2026-01-19T19:04:52.114558Z[0m [33m WARN[0m Cluster (1, 16) has NO boundary regions - creating single island
[2m2026-01-19T19:04:52.114564Z[0m [33m WARN[0m Cluster (1, 17) has NO boundary regions - creating single island
[2m2026-01-19T19:04:52.114570Z[0m [33m WARN[0m Cluster (1, 18) has NO boundary regions - creating single island
[2m2026-01-19T19:04:52.114577Z[0m [33m WARN[0m Cluster (1, 19) has NO boundary regions - creating single island
[2m2026-01-19T19:04:52.114583Z[0m [33m WARN[0m Cluster (2, 0) has NO boundary regions - creating single island
[2m2026-01-19T19:04:52.114608Z[0m [33m WARN[0m Cluster (2, 1) has NO boundary regions - creating single island
[2m2026-01-19T19:04:52.114621Z[0m [33m WARN[0m Cluster (2, 2) has NO boundary regions - creating single island
[2m2026-01-19T19:04:52.114629Z[0m [33m WARN[0m Cluster (2, 3) has NO boundary regions - creating single island
[2m2026-01-19T19:04:52.114639Z[0m [33m WARN[0m Cluster (2, 4) has NO boundary regions - creating single island
[2m2026-01-19T19:04:52.114647Z[0m [33m WARN[0m Cluster (2, 5) has NO boundary regions - creating single island
[2m2026-01-19T19:04:52.114656Z[0m [33m WARN[0m Cluster (2, 6) has NO boundary regions - creating single island
[2m2026-01-19T19:04:52.114662Z[0m [33m WARN[0m Cluster (2, 7) has NO boundary regions - creating single island
[2m2026-01-19T19:04:52.114669Z[0m [33m WARN[0m Cluster (2, 8) has NO boundary regions - creating single island
[2m2026-01-19T19:04:52.114675Z[0m [33m WARN[0m Cluster (2, 9) has NO boundary regions - creating single island
[2m2026-01-19T19:04:52.114681Z[0m [33m WARN[0m Cluster (2, 10) has NO boundary regions - creating single island
[2m2026-01-19T19:04:52.114688Z[0m [33m WARN[0m Cluster (2, 11) has NO boundary regions - creating single island
[2m2026-01-19T19:04:52.114693Z[0m [33m WARN[0m Cluster (2, 12) has NO boundary regions - creating single island
[2m2026-01-19T19:04:52.114700Z[0m [33m WARN[0m Cluster (2, 13) has NO boundary regions - creating single island
[2m2026-01-19T19:04:52.114706Z[0m [33m WARN[0m Cluster (2, 14) has NO boundary regions - creating single island
[2m2026-01-19T19:04:52.114712Z[0m [33m WARN[0m Cluster (2, 15) has NO boundary regions - creating single island
[2m2026-01-19T19:04:52.114718Z[0m [33m WARN[0m Cluster (2, 16) has NO boundary regions - creating single island
[2m2026-01-19T19:04:52.114724Z[0m [33m WARN[0m Cluster (2, 17) has NO boundary regions - creating single island
[2m2026-01-19T19:04:52.114730Z[0m [33m WARN[0m Cluster (2, 18) has NO boundary regions - creating single island
[2m2026-01-19T19:04:52.114736Z[0m [33m WARN[0m Cluster (2, 19) has NO boundary regions - creating single island
[2m2026-01-19T19:04:52.114742Z[0m [33m WARN[0m Cluster (3, 0) has NO boundary regions - creating single island
[2m2026-01-19T19:04:52.114750Z[0m [33m WARN[0m Cluster (3, 1) has NO boundary regions - creating single island
[2m2026-01-19T19:04:52.114759Z[0m [33m WARN[0m Cluster (3, 2) has NO boundary regions - creating single island
[2m2026-01-19T19:04:52.114767Z[0m [33m WARN[0m Cluster (3, 3) has NO boundary regions - creating single island
[2m2026-01-19T19:04:52.114775Z[0m [33m WARN[0m Cluster (3, 4) has NO boundary regions - creating single island
[2m2026-01-19T19:04:52.114783Z[0m [33m WARN[0m Cluster (3, 5) has NO boundary regions - creating single island
[2m2026-01-19T19:04:52.114790Z[0m [33m WARN[0m Cluster (3, 6) has NO boundary regions - creating single island
[2m2026-01-19T19:04:52.114797Z[0m [33m WARN[0m Cluster (3, 7) has NO boundary regions - creating single island
[2m2026-01-19T19:04:52.114803Z[0m [33m WARN[0m Cluster (3, 8) has NO boundary regions - creating single island
[2m2026-01-19T19:04:52.114810Z[0m [33m WARN[0m Cluster (3, 9) has NO boundary regions - creating single island
[2m2026-01-19T19:04:52.114818Z[0m [33m WARN[0m Cluster (3, 10) has NO boundary regions - creating single island
[2m2026-01-19T19:04:52.114825Z[0m [33m WARN[0m Cluster (3, 11) has NO boundary regions - creating single island
[2m2026-01-19T19:04:52.114831Z[0m [33m WARN[0m Cluster (3, 12) has NO boundary regions - creating single island
[2m2026-01-19T19:04:52.114838Z[0m [33m WARN[0m Cluster (3, 13) has NO boundary regions - creating single island
[2m2026-01-19T19:04:52.114843Z[0m [33m WARN[0m Cluster (3, 14) has NO boundary regions - creating single island
[2m2026-01-19T19:04:52.114850Z[0m [33m WARN[0m Cluster (3, 15) has NO boundary regions - creating single island
[2m2026-01-19T19:04:52.114856Z[0m [33m WARN[0m Cluster (3, 16) has NO boundary regions - creating single island
[2m2026-01-19T19:04:52.114862Z[0m [33m WARN[0m Cluster (3, 17) has NO boundary regions - creating single island
[2m2026-01-19T19:04:52.114868Z[0m [33m WARN[0m Cluster (3, 18) has NO boundary regions - creating single island
[2m2026-01-19T19:04:52.114875Z[0m [33m WARN[0m Cluster (3, 19) has NO boundary regions - creating single island
[2m2026-01-19T19:04:52.114881Z[0m [33m WARN[0m Cluster (4, 0) has NO boundary regions - creating single island
[2m2026-01-19T19:04:52.114889Z[0m [33m WARN[0m Cluster (4, 1) has NO boundary regions - creating single island
[2m2026-01-19T19:04:52.114898Z[0m [33m WARN[0m Cluster (4, 2) has NO boundary regions - creating single island
[2m2026-01-19T19:04:52.114906Z[0m [33m WARN[0m Cluster (4, 3) has NO boundary regions - creating single island
[2m2026-01-19T19:04:52.114916Z[0m [33m WARN[0m Cluster (4, 4) has NO boundary regions - creating single island
[2m2026-01-19T19:04:52.114922Z[0m [33m WARN[0m Cluster (4, 5) has NO boundary regions - creating single island
[2m2026-01-19T19:04:52.114928Z[0m [33m WARN[0m Cluster (4, 6) has NO boundary regions - creating single island
[2m2026-01-19T19:04:52.114934Z[0m [33m WARN[0m Cluster (4, 7) has NO boundary regions - creating single island
[2m2026-01-19T19:04:52.114946Z[0m [33m WARN[0m Cluster (4, 8) has NO boundary regions - creating single island
[2m2026-01-19T19:04:52.114954Z[0m [33m WARN[0m Cluster (4, 9) has NO boundary regions - creating single island
[2m2026-01-19T19:04:52.114962Z[0m [33m WARN[0m Cluster (4, 10) has NO boundary regions - creating single island
[2m2026-01-19T19:04:52.114969Z[0m [33m WARN[0m Cluster (4, 11) has NO boundary regions - creating single island
[2m2026-01-19T19:04:52.114979Z[0m [33m WARN[0m Cluster (4, 12) has NO boundary regions - creating single island
[2m2026-01-19T19:04:52.114990Z[0m [33m WARN[0m Cluster (4, 13) has NO boundary regions - creating single island
[2m2026-01-19T19:04:52.114997Z[0m [33m WARN[0m Cluster (4, 14) has NO boundary regions - creating single island
[2m2026-01-19T19:04:52.115004Z[0m [33m WARN[0m Cluster (4, 15) has NO boundary regions - creating single island
[2m2026-01-19T19:04:52.115010Z[0m [33m WARN[0m Cluster (4, 16) has NO boundary regions - creating single island
[2m2026-01-19T19:04:52.115031Z[0m [33m WARN[0m Cluster (4, 17) has NO boundary regions - creating single island
[2m2026-01-19T19:04:52.115039Z[0m [33m WARN[0m Cluster (4, 18) has NO boundary regions - creating single island
[2m2026-01-19T19:04:52.115046Z[0m [33m WARN[0m Cluster (4, 19) has NO boundary regions - creating single island
[2m2026-01-19T19:04:52.115052Z[0m [33m WARN[0m Cluster (5, 0) has NO boundary regions - creating single island
[2m2026-01-19T19:04:52.115058Z[0m [33m WARN[0m Cluster (5, 1) has NO boundary regions - creating single island
[2m2026-01-19T19:04:52.115065Z[0m [33m WARN[0m Cluster (5, 2) has NO boundary regions - creating single island
[2m2026-01-19T19:04:52.115074Z[0m [33m WARN[0m Cluster (5, 3) has NO boundary regions - creating single island
[2m2026-01-19T19:04:52.115085Z[0m [33m WARN[0m Cluster (5, 4) has NO boundary regions - creating single island
[2m2026-01-19T19:04:52.115094Z[0m [33m WARN[0m Cluster (5, 5) has NO boundary regions - creating single island
[2m2026-01-19T19:04:52.115105Z[0m [33m WARN[0m Cluster (5, 6) has NO boundary regions - creating single island
[2m2026-01-19T19:04:52.115113Z[0m [33m WARN[0m Cluster (5, 7) has NO boundary regions - creating single island
[2m2026-01-19T19:04:52.115120Z[0m [33m WARN[0m Cluster (5, 8) has NO boundary regions - creating single island
[2m2026-01-19T19:04:52.115128Z[0m [33m WARN[0m Cluster (5, 10) has NO boundary regions - creating single island
[2m2026-01-19T19:04:52.115140Z[0m [33m WARN[0m Cluster (5, 11) has NO boundary regions - creating single island
[2m2026-01-19T19:04:52.115151Z[0m [33m WARN[0m Cluster (5, 12) has NO boundary regions - creating single island
[2m2026-01-19T19:04:52.115160Z[0m [33m WARN[0m Cluster (5, 14) has NO boundary regions - creating single island
[2m2026-01-19T19:04:52.115167Z[0m [33m WARN[0m Cluster (5, 15) has NO boundary regions - creating single island
[2m2026-01-19T19:04:52.115177Z[0m [33m WARN[0m Cluster (5, 16) has NO boundary regions - creating single island
[2m2026-01-19T19:04:52.115187Z[0m [33m WARN[0m Cluster (5, 17) has NO boundary regions - creating single island
[2m2026-01-19T19:04:52.115194Z[0m [33m WARN[0m Cluster (5, 18) has NO boundary regions - creating single island
[2m2026-01-19T19:04:52.115200Z[0m [33m WARN[0m Cluster (5, 19) has NO boundary regions - creating single island
[2m2026-01-19T19:04:52.115206Z[0m [33m WARN[0m Cluster (6, 0) has NO boundary regions - creating single island
[2m2026-01-19T19:04:52.115212Z[0m [33m WARN[0m Cluster (6, 1) has NO boundary regions - creating single island
[2m2026-01-19T19:04:52.115222Z[0m [33m WARN[0m Cluster (6, 2) has NO boundary regions - creating single island
[2m2026-01-19T19:04:52.115232Z[0m [33m WARN[0m Cluster (6, 3) has NO boundary regions - creating single island
[2m2026-01-19T19:04:52.115240Z[0m [33m WARN[0m Cluster (6, 4) has NO boundary regions - creating single island
[2m2026-01-19T19:04:52.115252Z[0m [33m WARN[0m Cluster (6, 5) has NO boundary regions - creating single island
[2m2026-01-19T19:04:52.115265Z[0m [33m WARN[0m Cluster (6, 7) has NO boundary regions - creating single island
[2m2026-01-19T19:04:52.115281Z[0m [33m WARN[0m Cluster (6, 8) has NO boundary regions - creating single island
[2m2026-01-19T19:04:52.115289Z[0m [33m WARN[0m Cluster (6, 9) has NO boundary regions - creating single island
[2m2026-01-19T19:04:52.115298Z[0m [33m WARN[0m Cluster (6, 12) has NO boundary regions - creating single island
[2m2026-01-19T19:04:52.115306Z[0m [33m WARN[0m Cluster (6, 13) has NO boundary regions - creating single island
[2m2026-01-19T19:04:52.115320Z[0m [33m WARN[0m Cluster (6, 14) has NO boundary regions - creating single island
[2m2026-01-19T19:04:52.115330Z[0m [33m WARN[0m Cluster (6, 15) has NO boundary regions - creating single island
[2m2026-01-19T19:04:52.115338Z[0m [33m WARN[0m Cluster (6, 16) has NO boundary regions - creating single island
[2m2026-01-19T19:04:52.115348Z[0m [33m WARN[0m Cluster (6, 17) has NO boundary regions - creating single island
[2m2026-01-19T19:04:52.115355Z[0m [33m WARN[0m Cluster (6, 18) has NO boundary regions - creating single island
[2m2026-01-19T19:04:52.115361Z[0m [33m WARN[0m Cluster (6, 19) has NO boundary regions - creating single island
[2m2026-01-19T19:04:52.115367Z[0m [33m WARN[0m Cluster (7, 0) has NO boundary regions - creating single island
[2m2026-01-19T19:04:52.115373Z[0m [33m WARN[0m Cluster (7, 1) has NO boundary regions - creating single island
[2m2026-01-19T19:04:52.115380Z[0m [33m WARN[0m Cluster (7, 2) has NO boundary regions - creating single island
[2m2026-01-19T19:04:52.115387Z[0m [33m WARN[0m Cluster (7, 3) has NO boundary regions - creating single island
[2m2026-01-19T19:04:52.115393Z[0m [33m WARN[0m Cluster (7, 4) has NO boundary regions - creating single island
[2m2026-01-19T19:04:52.115399Z[0m [33m WARN[0m Cluster (7, 5) has NO boundary regions - creating single island
[2m2026-01-19T19:04:52.115407Z[0m [33m WARN[0m Cluster (7, 6) has NO boundary regions - creating single island
[2m2026-01-19T19:04:52.115415Z[0m [33m WARN[0m Cluster (7, 7) has NO boundary regions - creating single island
[2m2026-01-19T19:04:52.115424Z[0m [33m WARN[0m Cluster (7, 8) has NO boundary regions - creating single island
[2m2026-01-19T19:04:52.115440Z[0m [33m WARN[0m Cluster (7, 9) has NO boundary regions - creating single island
[2m2026-01-19T19:04:52.115453Z[0m [33m WARN[0m Cluster (7, 10) has NO boundary regions - creating single island
[2m2026-01-19T19:04:52.115466Z[0m [33m WARN[0m Cluster (7, 11) has NO boundary regions - creating single island
[2m2026-01-19T19:04:52.115477Z[0m [33m WARN[0m Cluster (7, 12) has NO boundary regions - creating single island
[2m2026-01-19T19:04:52.115483Z[0m [33m WARN[0m Cluster (7, 13) has NO boundary regions - creating single island
[2m2026-01-19T19:04:52.115493Z[0m [33m WARN[0m Cluster (7, 14) has NO boundary regions - creating single island
[2m2026-01-19T19:04:52.115500Z[0m [33m WARN[0m Cluster (7, 16) has NO boundary regions - creating single island
[2m2026-01-19T19:04:52.115508Z[0m [33m WARN[0m Cluster (7, 17) has NO boundary regions - creating single island
[2m2026-01-19T19:04:52.115516Z[0m [33m WARN[0m Cluster (7, 18) has NO boundary regions - creating single island
[2m2026-01-19T19:04:52.115525Z[0m [33m WARN[0m Cluster (7, 19) has NO boundary regions - creating single island
[2m2026-01-19T19:04:52.115533Z[0m [33m WARN[0m Cluster (8, 0) has NO boundary regions - creating single island
[2m2026-01-19T19:04:52.115544Z[0m [33m WARN[0m Cluster (8, 1) has NO boundary regions - creating single island
[2m2026-01-19T19:04:52.115554Z[0m [33m WARN[0m Cluster (8, 2) has NO boundary regions - creating single island
[2m2026-01-19T19:04:52.115563Z[0m [33m WARN[0m Cluster (8, 3) has NO boundary regions - creating single island
[2m2026-01-19T19:04:52.115570Z[0m [33m WARN[0m Cluster (8, 4) has NO boundary regions - creating single island
[2m2026-01-19T19:04:52.115576Z[0m [33m WARN[0m Cluster (8, 5) has NO boundary regions - creating single island
[2m2026-01-19T19:04:52.115582Z[0m [33m WARN[0m Cluster (8, 6) has NO boundary regions - creating single island
[2m2026-01-19T19:04:52.115592Z[0m [33m WARN[0m Cluster (8, 7) has NO boundary regions - creating single island
[2m2026-01-19T19:04:52.115603Z[0m [33m WARN[0m Cluster (8, 10) has NO boundary regions - creating single island
[2m2026-01-19T19:04:52.115610Z[0m [33m WARN[0m Cluster (8, 11) has NO boundary regions - creating single island
[2m2026-01-19T19:04:52.115617Z[0m [33m WARN[0m Cluster (8, 12) has NO boundary regions - creating single island
[2m2026-01-19T19:04:52.115625Z[0m [33m WARN[0m Cluster (8, 13) has NO boundary regions - creating single island
[2m2026-01-19T19:04:52.115632Z[0m [33m WARN[0m Cluster (8, 14) has NO boundary regions - creating single island
[2m2026-01-19T19:04:52.115642Z[0m [33m WARN[0m Cluster (8, 15) has NO boundary regions - creating single island
[2m2026-01-19T19:04:52.115654Z[0m [33m WARN[0m Cluster (8, 16) has NO boundary regions - creating single island
[2m2026-01-19T19:04:52.115663Z[0m [33m WARN[0m Cluster (8, 17) has NO boundary regions - creating single island
[2m2026-01-19T19:04:52.115672Z[0m [33m WARN[0m Cluster (8, 18) has NO boundary regions - creating single island
[2m2026-01-19T19:04:52.115679Z[0m [33m WARN[0m Cluster (8, 19) has NO boundary regions - creating single island
[2m2026-01-19T19:04:52.115685Z[0m [33m WARN[0m Cluster (9, 0) has NO boundary regions - creating single island
[2m2026-01-19T19:04:52.115693Z[0m [33m WARN[0m Cluster (9, 1) has NO boundary regions - creating single island
[2m2026-01-19T19:04:52.115701Z[0m [33m WARN[0m Cluster (9, 2) has NO boundary regions - creating single island
[2m2026-01-19T19:04:52.115709Z[0m [33m WARN[0m Cluster (9, 3) has NO boundary regions - creating single island
[2m2026-01-19T19:04:52.115716Z[0m [33m WARN[0m Cluster (9, 4) has NO boundary regions - creating single island
[2m2026-01-19T19:04:52.115723Z[0m [33m WARN[0m Cluster (9, 5) has NO boundary regions - creating single island
[2m2026-01-19T19:04:52.115729Z[0m [33m WARN[0m Cluster (9, 6) has NO boundary regions - creating single island
[2m2026-01-19T19:04:52.115741Z[0m [33m WARN[0m Cluster (9, 7) has NO boundary regions - creating single island
[2m2026-01-19T19:04:52.115750Z[0m [33m WARN[0m Cluster (9, 8) has NO boundary regions - creating single island
[2m2026-01-19T19:04:52.115759Z[0m [33m WARN[0m Cluster (9, 9) has NO boundary regions - creating single island
[2m2026-01-19T19:04:52.115772Z[0m [33m WARN[0m Cluster (9, 11) has NO boundary regions - creating single island
[2m2026-01-19T19:04:52.115779Z[0m [33m WARN[0m Cluster (9, 12) has NO boundary regions - creating single island
[2m2026-01-19T19:04:52.115785Z[0m [33m WARN[0m Cluster (9, 13) has NO boundary regions - creating single island
[2m2026-01-19T19:04:52.115791Z[0m [33m WARN[0m Cluster (9, 14) has NO boundary regions - creating single island
[2m2026-01-19T19:04:52.115797Z[0m [33m WARN[0m Cluster (9, 15) has NO boundary regions - creating single island
[2m2026-01-19T19:04:52.115804Z[0m [33m WARN[0m Cluster (9, 16) has NO boundary regions - creating single island
[2m2026-01-19T19:04:52.115815Z[0m [33m WARN[0m Cluster (9, 17) has NO boundary regions - creating single island
[2m2026-01-19T19:04:52.115826Z[0m [33m WARN[0m Cluster (9, 18) has NO boundary regions - creating single island
[2m2026-01-19T19:04:52.115833Z[0m [33m WARN[0m Cluster (9, 19) has NO boundary regions - creating single island
[2m2026-01-19T19:04:52.115840Z[0m [33m WARN[0m Cluster (10, 0) has NO boundary regions - creating single island
[2m2026-01-19T19:04:52.115847Z[0m [33m WARN[0m Cluster (10, 1) has NO boundary regions - creating single island
[2m2026-01-19T19:04:52.115856Z[0m [33m WARN[0m Cluster (10, 2) has NO boundary regions - creating single island
[2m2026-01-19T19:04:52.115865Z[0m [33m WARN[0m Cluster (10, 3) has NO boundary regions - creating single island
[2m2026-01-19T19:04:52.115872Z[0m [33m WARN[0m Cluster (10, 4) has NO boundary regions - creating single island
[2m2026-01-19T19:04:52.115879Z[0m [33m WARN[0m Cluster (10, 5) has NO boundary regions - creating single island
[2m2026-01-19T19:04:52.115885Z[0m [33m WARN[0m Cluster (10, 6) has NO boundary regions - creating single island
[2m2026-01-19T19:04:52.115893Z[0m [33m WARN[0m Cluster (10, 7) has NO boundary regions - creating single island
[2m2026-01-19T19:04:52.115904Z[0m [33m WARN[0m Cluster (10, 8) has NO boundary regions - creating single island
[2m2026-01-19T19:04:52.115914Z[0m [33m WARN[0m Cluster (10, 9) has NO boundary regions - creating single island
[2m2026-01-19T19:04:52.115924Z[0m [33m WARN[0m Cluster (10, 11) has NO boundary regions - creating single island
[2m2026-01-19T19:04:52.115930Z[0m [33m WARN[0m Cluster (10, 12) has NO boundary regions - creating single island
[2m2026-01-19T19:04:52.115941Z[0m [33m WARN[0m Cluster (10, 13) has NO boundary regions - creating single island
[2m2026-01-19T19:04:52.115949Z[0m [33m WARN[0m Cluster (10, 14) has NO boundary regions - creating single island
[2m2026-01-19T19:04:52.115959Z[0m [33m WARN[0m Cluster (10, 15) has NO boundary regions - creating single island
[2m2026-01-19T19:04:52.115966Z[0m [33m WARN[0m Cluster (10, 16) has NO boundary regions - creating single island
[2m2026-01-19T19:04:52.115976Z[0m [33m WARN[0m Cluster (10, 17) has NO boundary regions - creating single island
[2m2026-01-19T19:04:52.115982Z[0m [33m WARN[0m Cluster (10, 18) has NO boundary regions - creating single island
[2m2026-01-19T19:04:52.116014Z[0m [33m WARN[0m Cluster (10, 19) has NO boundary regions - creating single island
[2m2026-01-19T19:04:52.116023Z[0m [33m WARN[0m Cluster (11, 0) has NO boundary regions - creating single island
[2m2026-01-19T19:04:52.116035Z[0m [33m WARN[0m Cluster (11, 1) has NO boundary regions - creating single island
[2m2026-01-19T19:04:52.116041Z[0m [33m WARN[0m Cluster (11, 2) has NO boundary regions - creating single island
[2m2026-01-19T19:04:52.116050Z[0m [33m WARN[0m Cluster (11, 4) has NO boundary regions - creating single island
[2m2026-01-19T19:04:52.116057Z[0m [33m WARN[0m Cluster (11, 5) has NO boundary regions - creating single island
[2m2026-01-19T19:04:52.116062Z[0m [33m WARN[0m Cluster (11, 6) has NO boundary regions - creating single island
[2m2026-01-19T19:04:52.116071Z[0m [33m WARN[0m Cluster (11, 7) has NO boundary regions - creating single island
[2m2026-01-19T19:04:52.116083Z[0m [33m WARN[0m Cluster (11, 8) has NO boundary regions - creating single island
[2m2026-01-19T19:04:52.116089Z[0m [33m WARN[0m Cluster (11, 9) has NO boundary regions - creating single island
[2m2026-01-19T19:04:52.116097Z[0m [33m WARN[0m Cluster (11, 10) has NO boundary regions - creating single island
[2m2026-01-19T19:04:52.116105Z[0m [33m WARN[0m Cluster (11, 11) has NO boundary regions - creating single island
[2m2026-01-19T19:04:52.116114Z[0m [33m WARN[0m Cluster (11, 12) has NO boundary regions - creating single island
[2m2026-01-19T19:04:52.116122Z[0m [33m WARN[0m Cluster (11, 13) has NO boundary regions - creating single island
[2m2026-01-19T19:04:52.116130Z[0m [33m WARN[0m Cluster (11, 15) has NO boundary regions - creating single island
[2m2026-01-19T19:04:52.116138Z[0m [33m WARN[0m Cluster (11, 16) has NO boundary regions - creating single island
[2m2026-01-19T19:04:52.116147Z[0m [33m WARN[0m Cluster (11, 17) has NO boundary regions - creating single island
[2m2026-01-19T19:04:52.116153Z[0m [33m WARN[0m Cluster (11, 18) has NO boundary regions - creating single island
[2m2026-01-19T19:04:52.116159Z[0m [33m WARN[0m Cluster (11, 19) has NO boundary regions - creating single island
[2m2026-01-19T19:04:52.116165Z[0m [33m WARN[0m Cluster (12, 0) has NO boundary regions - creating single island
[2m2026-01-19T19:04:52.116171Z[0m [33m WARN[0m Cluster (12, 1) has NO boundary regions - creating single island
[2m2026-01-19T19:04:52.116183Z[0m [33m WARN[0m Cluster (12, 2) has NO boundary regions - creating single island
[2m2026-01-19T19:04:52.116190Z[0m [33m WARN[0m Cluster (12, 3) has NO boundary regions - creating single island
[2m2026-01-19T19:04:52.116200Z[0m [33m WARN[0m Cluster (12, 4) has NO boundary regions - creating single island
[2m2026-01-19T19:04:52.116206Z[0m [33m WARN[0m Cluster (12, 5) has NO boundary regions - creating single island
[2m2026-01-19T19:04:52.116212Z[0m [33m WARN[0m Cluster (12, 6) has NO boundary regions - creating single island
[2m2026-01-19T19:04:52.116218Z[0m [33m WARN[0m Cluster (12, 7) has NO boundary regions - creating single island
[2m2026-01-19T19:04:52.116226Z[0m [33m WARN[0m Cluster (12, 8) has NO boundary regions - creating single island
[2m2026-01-19T19:04:52.116236Z[0m [33m WARN[0m Cluster (12, 9) has NO boundary regions - creating single island
[2m2026-01-19T19:04:52.116244Z[0m [33m WARN[0m Cluster (12, 10) has NO boundary regions - creating single island
[2m2026-01-19T19:04:52.116253Z[0m [33m WARN[0m Cluster (12, 11) has NO boundary regions - creating single island
[2m2026-01-19T19:04:52.116261Z[0m [33m WARN[0m Cluster (12, 12) has NO boundary regions - creating single island
[2m2026-01-19T19:04:52.116271Z[0m [33m WARN[0m Cluster (12, 13) has NO boundary regions - creating single island
[2m2026-01-19T19:04:52.116278Z[0m [33m WARN[0m Cluster (12, 14) has NO boundary regions - creating single island
[2m2026-01-19T19:04:52.116286Z[0m [33m WARN[0m Cluster (12, 15) has NO boundary regions - creating single island
[2m2026-01-19T19:04:52.116294Z[0m [33m WARN[0m Cluster (12, 16) has NO boundary regions - creating single island
[2m2026-01-19T19:04:52.116305Z[0m [33m WARN[0m Cluster (12, 17) has NO boundary regions - creating single island
[2m2026-01-19T19:04:52.116311Z[0m [33m WARN[0m Cluster (12, 18) has NO boundary regions - creating single island
[2m2026-01-19T19:04:52.116317Z[0m [33m WARN[0m Cluster (12, 19) has NO boundary regions - creating single island
[2m2026-01-19T19:04:52.116323Z[0m [33m WARN[0m Cluster (13, 0) has NO boundary regions - creating single island
[2m2026-01-19T19:04:52.116329Z[0m [33m WARN[0m Cluster (13, 1) has NO boundary regions - creating single island
[2m2026-01-19T19:04:52.116335Z[0m [33m WARN[0m Cluster (13, 2) has NO boundary regions - creating single island
[2m2026-01-19T19:04:52.116343Z[0m [33m WARN[0m Cluster (13, 3) has NO boundary regions - creating single island
[2m2026-01-19T19:04:52.116351Z[0m [33m WARN[0m Cluster (13, 4) has NO boundary regions - creating single island
[2m2026-01-19T19:04:52.116357Z[0m [33m WARN[0m Cluster (13, 5) has NO boundary regions - creating single island
[2m2026-01-19T19:04:52.116366Z[0m [33m WARN[0m Cluster (13, 6) has NO boundary regions - creating single island
[2m2026-01-19T19:04:52.116372Z[0m [33m WARN[0m Cluster (13, 7) has NO boundary regions - creating single island
[2m2026-01-19T19:04:52.116378Z[0m [33m WARN[0m Cluster (13, 8) has NO boundary regions - creating single island
[2m2026-01-19T19:04:52.116384Z[0m [33m WARN[0m Cluster (13, 9) has NO boundary regions - creating single island
[2m2026-01-19T19:04:52.116390Z[0m [33m WARN[0m Cluster (13, 10) has NO boundary regions - creating single island
[2m2026-01-19T19:04:52.116397Z[0m [33m WARN[0m Cluster (13, 11) has NO boundary regions - creating single island
[2m2026-01-19T19:04:52.116411Z[0m [33m WARN[0m Cluster (13, 12) has NO boundary regions - creating single island
[2m2026-01-19T19:04:52.116418Z[0m [33m WARN[0m Cluster (13, 13) has NO boundary regions - creating single island
[2m2026-01-19T19:04:52.116429Z[0m [33m WARN[0m Cluster (13, 14) has NO boundary regions - creating single island
[2m2026-01-19T19:04:52.116435Z[0m [33m WARN[0m Cluster (13, 15) has NO boundary regions - creating single island
[2m2026-01-19T19:04:52.116447Z[0m [33m WARN[0m Cluster (13, 16) has NO boundary regions - creating single island
[2m2026-01-19T19:04:52.116458Z[0m [33m WARN[0m Cluster (13, 17) has NO boundary regions - creating single island
[2m2026-01-19T19:04:52.116464Z[0m [33m WARN[0m Cluster (13, 18) has NO boundary regions - creating single island
[2m2026-01-19T19:04:52.116470Z[0m [33m WARN[0m Cluster (13, 19) has NO boundary regions - creating single island
[2m2026-01-19T19:04:52.116479Z[0m [33m WARN[0m Cluster (14, 0) has NO boundary regions - creating single island
[2m2026-01-19T19:04:52.116485Z[0m [33m WARN[0m Cluster (14, 1) has NO boundary regions - creating single island
[2m2026-01-19T19:04:52.116492Z[0m [33m WARN[0m Cluster (14, 2) has NO boundary regions - creating single island
[2m2026-01-19T19:04:52.116499Z[0m [33m WARN[0m Cluster (14, 3) has NO boundary regions - creating single island
[2m2026-01-19T19:04:52.116506Z[0m [33m WARN[0m Cluster (14, 4) has NO boundary regions - creating single island
[2m2026-01-19T19:04:52.116514Z[0m [33m WARN[0m Cluster (14, 5) has NO boundary regions - creating single island
[2m2026-01-19T19:04:52.116520Z[0m [33m WARN[0m Cluster (14, 6) has NO boundary regions - creating single island
[2m2026-01-19T19:04:52.116526Z[0m [33m WARN[0m Cluster (14, 7) has NO boundary regions - creating single island
[2m2026-01-19T19:04:52.116531Z[0m [33m WARN[0m Cluster (14, 8) has NO boundary regions - creating single island
[2m2026-01-19T19:04:52.116537Z[0m [33m WARN[0m Cluster (14, 9) has NO boundary regions - creating single island
[2m2026-01-19T19:04:52.116545Z[0m [33m WARN[0m Cluster (14, 10) has NO boundary regions - creating single island
[2m2026-01-19T19:04:52.116552Z[0m [33m WARN[0m Cluster (14, 12) has NO boundary regions - creating single island
[2m2026-01-19T19:04:52.116560Z[0m [33m WARN[0m Cluster (14, 14) has NO boundary regions - creating single island
[2m2026-01-19T19:04:52.116566Z[0m [33m WARN[0m Cluster (14, 15) has NO boundary regions - creating single island
[2m2026-01-19T19:04:52.116575Z[0m [33m WARN[0m Cluster (14, 16) has NO boundary regions - creating single island
[2m2026-01-19T19:04:52.116582Z[0m [33m WARN[0m Cluster (14, 18) has NO boundary regions - creating single island
[2m2026-01-19T19:04:52.116588Z[0m [33m WARN[0m Cluster (14, 19) has NO boundary regions - creating single island
[2m2026-01-19T19:04:52.116594Z[0m [33m WARN[0m Cluster (15, 0) has NO boundary regions - creating single island
[2m2026-01-19T19:04:52.116600Z[0m [33m WARN[0m Cluster (15, 1) has NO boundary regions - creating single island
[2m2026-01-19T19:04:52.116606Z[0m [33m WARN[0m Cluster (15, 2) has NO boundary regions - creating single island
[2m2026-01-19T19:04:52.116615Z[0m [33m WARN[0m Cluster (15, 3) has NO boundary regions - creating single island
[2m2026-01-19T19:04:52.116753Z[0m [33m WARN[0m Cluster (15, 4) has NO boundary regions - creating single island
[2m2026-01-19T19:04:52.116761Z[0m [33m WARN[0m Cluster (15, 5) has NO boundary regions - creating single island
[2m2026-01-19T19:04:52.116767Z[0m [33m WARN[0m Cluster (15, 6) has NO boundary regions - creating single island
[2m2026-01-19T19:04:52.116776Z[0m [33m WARN[0m Cluster (15, 7) has NO boundary regions - creating single island
[2m2026-01-19T19:04:52.116782Z[0m [33m WARN[0m Cluster (15, 8) has NO boundary regions - creating single island
[2m2026-01-19T19:04:52.116788Z[0m [33m WARN[0m Cluster (15, 9) has NO boundary regions - creating single island
[2m2026-01-19T19:04:52.116797Z[0m [33m WARN[0m Cluster (15, 10) has NO boundary regions - creating single island
[2m2026-01-19T19:04:52.116806Z[0m [33m WARN[0m Cluster (15, 11) has NO boundary regions - creating single island
[2m2026-01-19T19:04:52.116820Z[0m [33m WARN[0m Cluster (15, 12) has NO boundary regions - creating single island
[2m2026-01-19T19:04:52.116827Z[0m [33m WARN[0m Cluster (15, 13) has NO boundary regions - creating single island
[2m2026-01-19T19:04:52.116833Z[0m [33m WARN[0m Cluster (15, 14) has NO boundary regions - creating single island
[2m2026-01-19T19:04:52.116842Z[0m [33m WARN[0m Cluster (15, 15) has NO boundary regions - creating single island
[2m2026-01-19T19:04:52.116849Z[0m [33m WARN[0m Cluster (15, 16) has NO boundary regions - creating single island
[2m2026-01-19T19:04:52.116859Z[0m [33m WARN[0m Cluster (15, 17) has NO boundary regions - creating single island
[2m2026-01-19T19:04:52.116868Z[0m [33m WARN[0m Cluster (15, 18) has NO boundary regions - creating single island
[2m2026-01-19T19:04:52.116874Z[0m [33m WARN[0m Cluster (15, 19) has NO boundary regions - creating single island
[2m2026-01-19T19:04:52.116880Z[0m [33m WARN[0m Cluster (16, 0) has NO boundary regions - creating single island
[2m2026-01-19T19:04:52.116888Z[0m [33m WARN[0m Cluster (16, 1) has NO boundary regions - creating single island
[2m2026-01-19T19:04:52.116896Z[0m [33m WARN[0m Cluster (16, 2) has NO boundary regions - creating single island
[2m2026-01-19T19:04:52.116905Z[0m [33m WARN[0m Cluster (16, 3) has NO boundary regions - creating single island
[2m2026-01-19T19:04:52.116911Z[0m [33m WARN[0m Cluster (16, 4) has NO boundary regions - creating single island
[2m2026-01-19T19:04:52.116917Z[0m [33m WARN[0m Cluster (16, 5) has NO boundary regions - creating single island
[2m2026-01-19T19:04:52.116923Z[0m [33m WARN[0m Cluster (16, 6) has NO boundary regions - creating single island
[2m2026-01-19T19:04:52.116929Z[0m [33m WARN[0m Cluster (16, 7) has NO boundary regions - creating single island
[2m2026-01-19T19:04:52.116935Z[0m [33m WARN[0m Cluster (16, 8) has NO boundary regions - creating single island
[2m2026-01-19T19:04:52.116943Z[0m [33m WARN[0m Cluster (16, 9) has NO boundary regions - creating single island
[2m2026-01-19T19:04:52.116952Z[0m [33m WARN[0m Cluster (16, 10) has NO boundary regions - creating single island
[2m2026-01-19T19:04:52.116964Z[0m [33m WARN[0m Cluster (16, 11) has NO boundary regions - creating single island
[2m2026-01-19T19:04:52.116971Z[0m [33m WARN[0m Cluster (16, 12) has NO boundary regions - creating single island
[2m2026-01-19T19:04:52.116980Z[0m [33m WARN[0m Cluster (16, 13) has NO boundary regions - creating single island
[2m2026-01-19T19:04:52.116988Z[0m [33m WARN[0m Cluster (16, 15) has NO boundary regions - creating single island
[2m2026-01-19T19:04:52.117005Z[0m [33m WARN[0m Cluster (16, 16) has NO boundary regions - creating single island
[2m2026-01-19T19:04:52.117013Z[0m [33m WARN[0m Cluster (16, 18) has NO boundary regions - creating single island
[2m2026-01-19T19:04:52.117019Z[0m [33m WARN[0m Cluster (16, 19) has NO boundary regions - creating single island
[2m2026-01-19T19:04:52.117025Z[0m [33m WARN[0m Cluster (17, 0) has NO boundary regions - creating single island
[2m2026-01-19T19:04:52.117377Z[0m [33m WARN[0m Cluster (17, 1) has NO boundary regions - creating single island
[2m2026-01-19T19:04:52.117389Z[0m [33m WARN[0m Cluster (17, 2) has NO boundary regions - creating single island
[2m2026-01-19T19:04:52.117397Z[0m [33m WARN[0m Cluster (17, 3) has NO boundary regions - creating single island
[2m2026-01-19T19:04:52.117403Z[0m [33m WARN[0m Cluster (17, 4) has NO boundary regions - creating single island
[2m2026-01-19T19:04:52.117409Z[0m [33m WARN[0m Cluster (17, 5) has NO boundary regions - creating single island
[2m2026-01-19T19:04:52.117415Z[0m [33m WARN[0m Cluster (17, 6) has NO boundary regions - creating single island
[2m2026-01-19T19:04:52.117421Z[0m [33m WARN[0m Cluster (17, 7) has NO boundary regions - creating single island
[2m2026-01-19T19:04:52.117428Z[0m [33m WARN[0m Cluster (17, 8) has NO boundary regions - creating single island
[2m2026-01-19T19:04:52.117434Z[0m [33m WARN[0m Cluster (17, 9) has NO boundary regions - creating single island
[2m2026-01-19T19:04:52.117443Z[0m [33m WARN[0m Cluster (17, 11) has NO boundary regions - creating single island
[2m2026-01-19T19:04:52.117450Z[0m [33m WARN[0m Cluster (17, 12) has NO boundary regions - creating single island
[2m2026-01-19T19:04:52.117458Z[0m [33m WARN[0m Cluster (17, 13) has NO boundary regions - creating single island
[2m2026-01-19T19:04:52.117471Z[0m [33m WARN[0m Cluster (17, 15) has NO boundary regions - creating single island
[2m2026-01-19T19:04:52.117479Z[0m [33m WARN[0m Cluster (17, 16) has NO boundary regions - creating single island
[2m2026-01-19T19:04:52.117487Z[0m [33m WARN[0m Cluster (17, 18) has NO boundary regions - creating single island
[2m2026-01-19T19:04:52.117493Z[0m [33m WARN[0m Cluster (17, 19) has NO boundary regions - creating single island
[2m2026-01-19T19:04:52.117499Z[0m [33m WARN[0m Cluster (18, 0) has NO boundary regions - creating single island
[2m2026-01-19T19:04:52.117505Z[0m [33m WARN[0m Cluster (18, 1) has NO boundary regions - creating single island
[2m2026-01-19T19:04:52.117514Z[0m [33m WARN[0m Cluster (18, 2) has NO boundary regions - creating single island
[2m2026-01-19T19:04:52.117522Z[0m [33m WARN[0m Cluster (18, 3) has NO boundary regions - creating single island
[2m2026-01-19T19:04:52.117528Z[0m [33m WARN[0m Cluster (18, 4) has NO boundary regions - creating single island
[2m2026-01-19T19:04:52.117534Z[0m [33m WARN[0m Cluster (18, 5) has NO boundary regions - creating single island
[2m2026-01-19T19:04:52.117540Z[0m [33m WARN[0m Cluster (18, 6) has NO boundary regions - creating single island
[2m2026-01-19T19:04:52.117546Z[0m [33m WARN[0m Cluster (18, 7) has NO boundary regions - creating single island
[2m2026-01-19T19:04:52.117556Z[0m [33m WARN[0m Cluster (18, 8) has NO boundary regions - creating single island
[2m2026-01-19T19:04:52.117566Z[0m [33m WARN[0m Cluster (18, 9) has NO boundary regions - creating single island
[2m2026-01-19T19:04:52.117574Z[0m [33m WARN[0m Cluster (18, 10) has NO boundary regions - creating single island
[2m2026-01-19T19:04:52.117585Z[0m [33m WARN[0m Cluster (18, 11) has NO boundary regions - creating single island
[2m2026-01-19T19:04:52.117591Z[0m [33m WARN[0m Cluster (18, 12) has NO boundary regions - creating single island
[2m2026-01-19T19:04:52.117597Z[0m [33m WARN[0m Cluster (18, 13) has NO boundary regions - creating single island
[2m2026-01-19T19:04:52.117607Z[0m [33m WARN[0m Cluster (18, 14) has NO boundary regions - creating single island
[2m2026-01-19T19:04:52.117613Z[0m [33m WARN[0m Cluster (18, 15) has NO boundary regions - creating single island
[2m2026-01-19T19:04:52.117623Z[0m [33m WARN[0m Cluster (18, 16) has NO boundary regions - creating single island
[2m2026-01-19T19:04:52.117630Z[0m [33m WARN[0m Cluster (18, 17) has NO boundary regions - creating single island
[2m2026-01-19T19:04:52.117639Z[0m [33m WARN[0m Cluster (18, 18) has NO boundary regions - creating single island
[2m2026-01-19T19:04:52.117965Z[0m [33m WARN[0m Cluster (18, 19) has NO boundary regions - creating single island
[2m2026-01-19T19:04:52.117972Z[0m [33m WARN[0m Cluster (19, 0) has NO boundary regions - creating single island
[2m2026-01-19T19:04:52.117980Z[0m [33m WARN[0m Cluster (19, 1) has NO boundary regions - creating single island
[2m2026-01-19T19:04:52.117986Z[0m [33m WARN[0m Cluster (19, 2) has NO boundary regions - creating single island
[2m2026-01-19T19:04:52.117992Z[0m [33m WARN[0m Cluster (19, 3) has NO boundary regions - creating single island
[2m2026-01-19T19:04:52.117997Z[0m [33m WARN[0m Cluster (19, 4) has NO boundary regions - creating single island
[2m2026-01-19T19:04:52.118003Z[0m [33m WARN[0m Cluster (19, 5) has NO boundary regions - creating single island
[2m2026-01-19T19:04:52.118009Z[0m [33m WARN[0m Cluster (19, 6) has NO boundary regions - creating single island
[2m2026-01-19T19:04:52.118015Z[0m [33m WARN[0m Cluster (19, 7) has NO boundary regions - creating single island
[2m2026-01-19T19:04:52.118021Z[0m [33m WARN[0m Cluster (19, 8) has NO boundary regions - creating single island
[2m2026-01-19T19:04:52.118026Z[0m [33m WARN[0m Cluster (19, 9) has NO boundary regions - creating single island
[2m2026-01-19T19:04:52.118032Z[0m [33m WARN[0m Cluster (19, 10) has NO boundary regions - creating single island
[2m2026-01-19T19:04:52.118038Z[0m [33m WARN[0m Cluster (19, 11) has NO boundary regions - creating single island
[2m2026-01-19T19:04:52.118044Z[0m [33m WARN[0m Cluster (19, 12) has NO boundary regions - creating single island
[2m2026-01-19T19:04:52.118050Z[0m [33m WARN[0m Cluster (19, 13) has NO boundary regions - creating single island
[2m2026-01-19T19:04:52.118056Z[0m [33m WARN[0m Cluster (19, 14) has NO boundary regions - creating single island
[2m2026-01-19T19:04:52.118063Z[0m [33m WARN[0m Cluster (19, 15) has NO boundary regions - creating single island
[2m2026-01-19T19:04:52.118070Z[0m [33m WARN[0m Cluster (19, 16) has NO boundary regions - creating single island
[2m2026-01-19T19:04:52.118076Z[0m [33m WARN[0m Cluster (19, 17) has NO boundary regions - creating single island
[2m2026-01-19T19:04:52.118082Z[0m [33m WARN[0m Cluster (19, 18) has NO boundary regions - creating single island
[2m2026-01-19T19:04:52.118088Z[0m [33m WARN[0m Cluster (19, 19) has NO boundary regions - creating single island
[2m2026-01-19T19:04:52.118097Z[0m [32m INFO[0m [REGION BUILD] Identified 380 total islands
[2m2026-01-19T19:04:52.118786Z[0m [32m INFO[0m [REGION BUILD] Created 2422 portals between clusters
[2m2026-01-19T19:04:52.118793Z[0m [32m INFO[0m [CONNECTIVITY] Linking islands to their boundary portals...
[2m2026-01-19T19:04:52.120982Z[0m [33m WARN[0m [CONNECTIVITY] Portal 453 at (125,326) in cluster (5, 13) has no nearby regions!
[2m2026-01-19T19:04:52.120991Z[0m [33m WARN[0m [CONNECTIVITY] Portal 889 at (125,325) in cluster (5, 13) has no nearby regions!
[2m2026-01-19T19:04:52.121000Z[0m [33m WARN[0m [CONNECTIVITY] Portal 2051 at (125,325) in cluster (5, 13) has no nearby regions!
[2m2026-01-19T19:04:52.121064Z[0m [33m WARN[0m [CONNECTIVITY] Portal 218 at (174,150) in cluster (6, 6) has no nearby regions!
[2m2026-01-19T19:04:52.121071Z[0m [33m WARN[0m [CONNECTIVITY] Portal 220 at (174,173) in cluster (6, 6) has no nearby regions!
[2m2026-01-19T19:04:52.121079Z[0m [33m WARN[0m [CONNECTIVITY] Portal 911 at (173,150) in cluster (6, 6) has no nearby regions!
[2m2026-01-19T19:04:52.121086Z[0m [33m WARN[0m [CONNECTIVITY] Portal 912 at (174,174) in cluster (6, 6) has no nearby regions!
[2m2026-01-19T19:04:52.121093Z[0m [33m WARN[0m [CONNECTIVITY] Portal 1661 at (174,150) in cluster (6, 6) has no nearby regions!
[2m2026-01-19T19:04:52.121099Z[0m [33m WARN[0m [CONNECTIVITY] Portal 1730 at (174,174) in cluster (6, 6) has no nearby regions!
[2m2026-01-19T19:04:52.121127Z[0m [33m WARN[0m [CONNECTIVITY] Portal 382 at (174,287) in cluster (6, 11) has no nearby regions!
[2m2026-01-19T19:04:52.121311Z[0m [33m WARN[0m [CONNECTIVITY] Portal 297 at (200,217) in cluster (8, 8) has no nearby regions!
[2m2026-01-19T19:04:52.121413Z[0m [33m WARN[0m [CONNECTIVITY] Portal 359 at (225,273) in cluster (9, 10) has no nearby regions!
[2m2026-01-19T19:04:52.121421Z[0m [33m WARN[0m [CONNECTIVITY] Portal 1012 at (225,274) in cluster (9, 10) has no nearby regions!
[2m2026-01-19T19:04:52.121429Z[0m [33m WARN[0m [CONNECTIVITY] Portal 1960 at (225,274) in cluster (9, 10) has no nearby regions!
[2m2026-01-19T19:04:52.121877Z[0m [33m WARN[0m [CONNECTIVITY] Portal 397 at (350,276) in cluster (14, 11) has no nearby regions!
[2m2026-01-19T19:04:52.121885Z[0m [33m WARN[0m [CONNECTIVITY] Portal 1185 at (350,275) in cluster (14, 11) has no nearby regions!
[2m2026-01-19T19:04:52.121893Z[0m [33m WARN[0m [CONNECTIVITY] Portal 1971 at (350,275) in cluster (14, 11) has no nearby regions!
[2m2026-01-19T19:04:52.121925Z[0m [33m WARN[0m [CONNECTIVITY] Portal 603 at (350,425) in cluster (14, 17) has no nearby regions!
[2m2026-01-19T19:04:52.121933Z[0m [33m WARN[0m [CONNECTIVITY] Portal 1191 at (350,425) in cluster (14, 17) has no nearby regions!
[2m2026-01-19T19:04:52.121941Z[0m [33m WARN[0m [CONNECTIVITY] Portal 2291 at (350,425) in cluster (14, 17) has no nearby regions!
[2m2026-01-19T19:04:52.122219Z[0m [33m WARN[0m [CONNECTIVITY] Portal 502 at (449,350) in cluster (17, 14) has no nearby regions!
[2m2026-01-19T19:04:52.122229Z[0m [33m WARN[0m [CONNECTIVITY] Portal 1277 at (434,350) in cluster (17, 14) has no nearby regions!
[2m2026-01-19T19:04:52.122235Z[0m [33m WARN[0m [CONNECTIVITY] Portal 1279 at (449,350) in cluster (17, 14) has no nearby regions!
[2m2026-01-19T19:04:52.122243Z[0m [33m WARN[0m [CONNECTIVITY] Portal 2137 at (449,350) in cluster (17, 14) has no nearby regions!
[2m2026-01-19T19:04:52.122645Z[0m [32m INFO[0m [CONNECTIVITY] Populated neighbor_connectivity for 400 clusters
[2m2026-01-19T19:04:52.122656Z[0m [32m INFO[0m [ROUTING TABLE] Building island-aware routing table...
[2m2026-01-19T19:04:52.122669Z[0m [32m INFO[0m [ROUTING TABLE] Processing 380 (cluster, island) pairs
[2m2026-01-19T19:04:52.328999Z[0m [32m INFO[0m [ROUTING TABLE] Complete: 144020 island pairs, ~3375 KB memory
[2m2026-01-19T19:04:52.329014Z[0m [32m INFO[0m [REGION BUILD] Graph build complete!
[2m2026-01-19T19:04:52.329022Z[0m [32m INFO[0m Pathfinding graph build complete!
[2m2026-01-19T19:04:52.329028Z[0m [32m INFO[0m === RANDOM MAP GENERATION COMPLETE ===
[2m2026-01-19T19:04:52.333472Z[0m [32m INFO[0m Game setup started
[2m2026-01-19T19:04:52.333486Z[0m [32m INFO[0m Creating ground plane: 500x500
[2m2026-01-19T19:04:52.338244Z[0m [32m INFO[0m [SPATIAL] Frame 1: 0 total entities (0 existing, 0 new)
[2m2026-01-19T19:04:52.338256Z[0m [32m INFO[0m Spatial hash rebuilt - will repopulate this frame
[2m2026-01-19T19:04:52.338486Z[0m [32m INFO[0m [CACHE UPDATE] Frame 1: Processing 0 entities for collision neighbor cache
[2m2026-01-19T19:04:52.338504Z[0m [32m INFO[0m [COLLISION] Frame 1: 0 entities, 0 total neighbors (avg 0.0 per entity)
[2m2026-01-19T19:04:52.338568Z[0m [32m INFO[0m [SPATIAL] Frame 2: 0 total entities (0 existing, 0 new)
[2m2026-01-19T19:04:52.338706Z[0m [32m INFO[0m [CACHE UPDATE] Frame 2: Processing 0 entities for collision neighbor cache
[2m2026-01-19T19:04:52.338717Z[0m [32m INFO[0m [COLLISION] Frame 2: 0 entities, 0 total neighbors (avg 0.0 per entity)
[2m2026-01-19T19:04:52.338779Z[0m [32m INFO[0m [SPATIAL] Frame 3: 0 total entities (0 existing, 0 new)
[2m2026-01-19T19:04:52.338903Z[0m [32m INFO[0m [CACHE UPDATE] Frame 3: Processing 0 entities for collision neighbor cache
[2m2026-01-19T19:04:52.338914Z[0m [32m INFO[0m [COLLISION] Frame 3: 0 entities, 0 total neighbors (avg 0.0 per entity)
[2m2026-01-19T19:04:52.338955Z[0m [32m INFO[0m [SPATIAL] Frame 4: 0 total entities (0 existing, 0 new)
[2m2026-01-19T19:04:52.339064Z[0m [32m INFO[0m [CACHE UPDATE] Frame 4: Processing 0 entities for collision neighbor cache
[2m2026-01-19T19:04:52.339074Z[0m [32m INFO[0m [COLLISION] Frame 4: 0 entities, 0 total neighbors (avg 0.0 per entity)
[2m2026-01-19T19:04:52.339122Z[0m [32m INFO[0m [SPATIAL] Frame 5: 0 total entities (0 existing, 0 new)
[2m2026-01-19T19:04:52.339259Z[0m [32m INFO[0m [CACHE UPDATE] Frame 5: Processing 0 entities for collision neighbor cache
[2m2026-01-19T19:04:52.339273Z[0m [32m INFO[0m [COLLISION] Frame 5: 0 entities, 0 total neighbors (avg 0.0 per entity)
[2m2026-01-19T19:04:52.339320Z[0m [32m INFO[0m [SPATIAL] Frame 6: 0 total entities (0 existing, 0 new)
[2m2026-01-19T19:04:52.339495Z[0m [32m INFO[0m [CACHE UPDATE] Frame 6: Processing 0 entities for collision neighbor cache
[2m2026-01-19T19:04:52.339512Z[0m [32m INFO[0m [COLLISION] Frame 6: 0 entities, 0 total neighbors (avg 0.0 per entity)
[2m2026-01-19T19:04:52.339567Z[0m [32m INFO[0m [SPATIAL] Frame 7: 0 total entities (0 existing, 0 new)
[2m2026-01-19T19:04:52.339690Z[0m [32m INFO[0m [CACHE UPDATE] Frame 7: Processing 0 entities for collision neighbor cache
[2m2026-01-19T19:04:52.339703Z[0m [32m INFO[0m [COLLISION] Frame 7: 0 entities, 0 total neighbors (avg 0.0 per entity)
[2m2026-01-19T19:04:52.385107Z[0m [32m INFO[0m [SPATIAL] Frame 8: 0 total entities (0 existing, 0 new)
[2m2026-01-19T19:04:52.385290Z[0m [32m INFO[0m [CACHE UPDATE] Frame 8: Processing 0 entities for collision neighbor cache
[2m2026-01-19T19:04:52.385308Z[0m [32m INFO[0m [COLLISION] Frame 8: 0 entities, 0 total neighbors (avg 0.0 per entity)
[2m2026-01-19T19:04:52.400752Z[0m [32m INFO[0m [SPATIAL] Frame 9: 0 total entities (0 existing, 0 new)
[2m2026-01-19T19:04:52.400932Z[0m [32m INFO[0m [CACHE UPDATE] Frame 9: Processing 0 entities for collision neighbor cache
[2m2026-01-19T19:04:52.400948Z[0m [32m INFO[0m [COLLISION] Frame 9: 0 entities, 0 total neighbors (avg 0.0 per entity)
[2m2026-01-19T19:04:52.433830Z[0m [32m INFO[0m [SPATIAL] Frame 10: 0 total entities (0 existing, 0 new)
[2m2026-01-19T19:04:52.433990Z[0m [32m INFO[0m [CACHE UPDATE] Frame 10: Processing 0 entities for collision neighbor cache
[2m2026-01-19T19:04:52.434002Z[0m [32m INFO[0m [COLLISION] Frame 10: 0 entities, 0 total neighbors (avg 0.0 per entity)
